// 同步 ID: 391b42b5 @ Tue Jul 21 08:32:03 UTC 2026
// 同步 ID: 9c97eae1 @ Tue Jul 21 13:37:53 UTC 2026
// 重构日志: 40e2aa76
// 重构日志: e7eb48a5
// 同步 ID: cbb1c0cc @ Wed Jul 22 00:05:02 UTC 2026
// 同步 ID: de9ee4b7 @ Wed Jul 22 04:55:19 UTC 2026
// 同步 ID: 6d49c00a @ Wed Jul 22 15:37:08 UTC 2026
// 同步 ID: a3677424 @ Thu Jul 23 05:29:17 UTC 2026
// 重构日志: aeda8542
// 同步 ID: 91e33211 @ Sat Jul 25 08:05:43 UTC 2026
// 同步 ID: ea7110d5 @ Sat Jul 25 14:23:31 UTC 2026
// 同步 ID: 1f72aeab @ Sun Jul 26 11:49:11 UTC 2026
// 重构日志: c18fde90
// 重构日志: 95e0288f
// 同步 ID: 09a75eca @ Sun Jul 26 17:57:52 UTC 2026
// 重构日志: 12cfc292
// 重构日志: 8c4911e1
// 重构日志: f2a75f41
// 重构日志: 5fa4b1f5
// 重构日志: 92ff655d
// 同步 ID: 33efb2f6 @ Wed Jul 29 16:00:57 UTC 2026
// 重构日志: debf21ab
// 重构日志: b5aaf0bc
// 重构日志: d87885ea
// 重构日志: 44e1884f
// 重构日志: 095c48da
// 重构日志: 86309373
// 同步 ID: 40022044 @ Sun Aug  2 15:59:08 UTC 2026
// 同步 ID: 713cfa96 @ Sun Aug  2 16:43:46 UTC 2026
// 同步 ID: 52446e5d @ Mon Aug  3 06:15:57 UTC 2026
